
controlplane ~ âœ  git clone https://github.com/Aditya98Shukla/PersonaCRD_V2.git
Cloning into 'PersonaCRD_V2'...
remote: Enumerating objects: 69, done.
remote: Counting objects: 100% (69/69), done.
remote: Compressing objects: 100% (42/42), done.
remote: Total 69 (delta 16), reused 68 (delta 15), pack-reused 0
Unpacking objects: 100% (69/69), 27.42 KiB | 1.19 MiB/s, done.

controlplane ~ âœ  git clone https://github.com/Aditya98Shukla/PersonaCRD.git
Cloning into 'PersonaCRD'...
remote: Enumerating objects: 107, done.
remote: Counting objects: 100% (107/107), done.
remote: Compressing objects: 100% (77/77), done.
remote: Total 107 (delta 32), reused 97 (delta 22), pack-reused 0
Receiving objects: 100% (107/107), 10.47 MiB | 19.10 MiB/s, done.
Resolving deltas: 100% (32/32), done.

controlplane ~ âœ  cd PersonaCRD

controlplane PersonaCRD ğŸ¹ âœ  git checkout e4304ac
HEAD is now at e4304ac first commit

controlplane PersonaCRD on î‚  HEAD (e4304ac) via ğŸ¹ âœ  ls
go.mod  README.md

controlplane PersonaCRD on î‚  HEAD (e4304ac) via ğŸ¹ âœ– export PATH=$PATH:/usr/local/go/bin

controlplane PersonaCRD on î‚  HEAD (e4304ac) via ğŸ¹ v1.19 âœ  kubebuilder init --domain genesis.xyz.com
Writing kustomize manifests for you to edit...
Writing scaffold for you to edit...
Get controller runtime:
$ go get sigs.k8s.io/controller-runtime@v0.12.1
go: downloading sigs.k8s.io/controller-runtime v0.12.1
go: downloading k8s.io/apimachinery v0.24.0
go: downloading k8s.io/client-go v0.24.0
go: downloading github.com/evanphx/json-patch v4.12.0+incompatible
go: downloading golang.org/x/time v0.0.0-20220210224613-90d013bbcef8
go: downloading k8s.io/utils v0.0.0-20220210201930-3a6ce19ff2f9
go: downloading github.com/go-logr/logr v1.2.0
go: downloading github.com/prometheus/client_golang v1.12.1
go: downloading k8s.io/klog/v2 v2.60.1
go: downloading k8s.io/component-base v0.24.0
go: downloading github.com/pkg/errors v0.9.1
go: downloading k8s.io/api v0.24.0
go: downloading gomodules.xyz/jsonpatch/v2 v2.2.0
go: downloading k8s.io/apiextensions-apiserver v0.24.0
go: downloading github.com/prometheus/client_model v0.2.0
go: downloading github.com/prometheus/common v0.32.1
go: downloading github.com/gogo/protobuf v1.3.2
go: downloading github.com/google/gofuzz v1.1.0
go: downloading sigs.k8s.io/structured-merge-diff/v4 v4.2.1
go: downloading github.com/beorn7/perks v1.0.1
go: downloading github.com/cespare/xxhash/v2 v2.1.2
go: downloading github.com/golang/protobuf v1.5.2
go: downloading github.com/prometheus/procfs v0.7.3
go: downloading golang.org/x/sys v0.0.0-20220209214540-3681064d5158
go: downloading google.golang.org/protobuf v1.27.1
go: downloading github.com/fsnotify/fsnotify v1.5.1
go: downloading sigs.k8s.io/json v0.0.0-20211208200746-9f7c6b3444d2
go: downloading k8s.io/kube-openapi v0.0.0-20220328201542-3ee0da9b0b42
go: downloading github.com/google/uuid v1.1.2
go: downloading github.com/spf13/pflag v1.0.5
go: downloading gopkg.in/inf.v0 v0.9.1
go: downloading sigs.k8s.io/yaml v1.3.0
go: downloading golang.org/x/net v0.0.0-20220127200216-cd36cc0744dd
go: downloading github.com/davecgh/go-spew v1.1.1
go: downloading gopkg.in/yaml.v2 v2.4.0
go: downloading github.com/json-iterator/go v1.1.12
go: downloading github.com/matttproud/golang_protobuf_extensions v1.0.2-0.20181231171920-c182affec369
go: downloading github.com/modern-go/concurrent v0.0.0-20180306012644-bacd9c7ef1dd
go: downloading github.com/modern-go/reflect2 v1.0.2
go: downloading gopkg.in/yaml.v3 v3.0.0-20210107192922-496545a6307b
go: downloading github.com/google/gnostic v0.5.7-v3refs
go: downloading golang.org/x/text v0.3.7
go: downloading github.com/imdario/mergo v0.3.12
go: downloading golang.org/x/oauth2 v0.0.0-20211104180415-d3ed0bb246c8
go: downloading github.com/munnerz/goautoneg v0.0.0-20191010083416-a7dc8b61c822
go: downloading github.com/go-openapi/swag v0.19.14
go: downloading golang.org/x/term v0.0.0-20210927222741-03fcf44c2211
go: downloading github.com/emicklei/go-restful v2.9.5+incompatible
go: downloading github.com/go-openapi/jsonreference v0.19.5
go: downloading github.com/golang/groupcache v0.0.0-20210331224755-41bb18bfe9da
go: downloading github.com/google/go-cmp v0.5.5
go: downloading github.com/go-openapi/jsonpointer v0.19.5
go: downloading github.com/PuerkitoBio/purell v1.1.1
go: downloading github.com/mailru/easyjson v0.7.6
go: downloading github.com/PuerkitoBio/urlesc v0.0.0-20170810143723-de5bf2ad4578
go: downloading google.golang.org/appengine v1.6.7
go: downloading github.com/josharian/intern v1.0.0
Update dependencies:
$ go mod tidy
go: downloading github.com/go-logr/zapr v1.2.0
go: downloading github.com/onsi/ginkgo v1.16.5
go: downloading go.uber.org/zap v1.19.1
go: downloading github.com/stretchr/testify v1.7.0
go: downloading github.com/onsi/gomega v1.18.1
go: downloading github.com/Azure/go-autorest/autorest v0.11.18
go: downloading github.com/Azure/go-autorest/autorest/adal v0.9.13
go: downloading gopkg.in/check.v1 v1.0.0-20200227125254-8fa46927fb4f
go: downloading go.uber.org/goleak v1.1.12
go: downloading golang.org/x/xerrors v0.0.0-20200804184101-5ec99f83aff1
go: downloading cloud.google.com/go v0.81.0
go: downloading github.com/niemeyer/pretty v0.0.0-20200227124842-a10e7caefd8e
go: downloading github.com/kr/text v0.2.0
go: downloading github.com/pmezard/go-difflib v1.0.0
go: downloading github.com/Azure/go-autorest v14.2.0+incompatible
go: downloading github.com/Azure/go-autorest/autorest/mocks v0.4.1
go: downloading github.com/Azure/go-autorest/logger v0.2.1
go: downloading github.com/Azure/go-autorest/autorest/date v0.3.0
go: downloading github.com/form3tech-oss/jwt-go v3.2.3+incompatible
go: downloading github.com/Azure/go-autorest/tracing v0.6.0
go: downloading golang.org/x/crypto v0.0.0-20220214200702-86341886e292
go: downloading go.uber.org/atomic v1.7.0
go: downloading github.com/benbjohnson/clock v1.1.0
go: downloading go.uber.org/multierr v1.6.0
go: downloading github.com/nxadm/tail v1.4.8
go: downloading gopkg.in/tomb.v1 v1.0.0-20141024135613-dd632973f1e7
Next: define a resource with:
$ kubebuilder create api

controlplane PersonaCRD on î‚  HEAD (e4304ac) [!?] via ğŸ¹ v1.19 âœ  kubebuilder create api --group compute --version v2 --kind Persona
Create Resource [y/n]
y
Create Controller [y/n]
n
Writing kustomize manifests for you to edit...
Writing scaffold for you to edit...
api/v2/persona_types.go
Update dependencies:
$ go mod tidy
Running make:
$ make generate
mkdir -p /root/PersonaCRD/bin
GOBIN=/root/PersonaCRD/bin go install sigs.k8s.io/controller-tools/cmd/controller-gen@v0.9.0
go: downloading sigs.k8s.io/controller-tools v0.9.0
go: downloading golang.org/x/tools v0.1.10-0.20220218145154-897bd77cd717
go: downloading github.com/spf13/cobra v1.4.0
go: downloading github.com/gobuffalo/flect v0.2.5
go: downloading github.com/fatih/color v1.12.0
go: downloading github.com/mattn/go-colorable v0.1.8
go: downloading github.com/mattn/go-isatty v0.0.12
go: downloading golang.org/x/mod v0.6.0-dev.0.20220106191415-9b9b3d81d5e3
/root/PersonaCRD/bin/controller-gen object:headerFile="hack/boilerplate.go.txt" paths="./..."
Next: implement your new API and generate the manifests (e.g. CRDs,CRs) with:
$ make manifests

controlplane PersonaCRD on î‚  HEAD (e4304ac) [!?] via ğŸ¹ v1.19 âœ  vi api/v2

controlplane PersonaCRD on î‚  HEAD (e4304ac) [!?] via ğŸ¹ v1.19 âœ  make manifests
/root/PersonaCRD/bin/controller-gen rbac:roleName=manager-role crd webhook paths="./..." output:crd:artifacts:config=config/crd/bases

controlplane PersonaCRD on î‚  HEAD (e4304ac) [!?] via ğŸ¹ v1.19 âœ  vi config/crd/bases

controlplane PersonaCRD on î‚  HEAD (e4304ac) [!?] via ğŸ¹ v1.19 âœ  kubectl create -f config/crd/bases
customresourcedefinition.apiextensions.k8s.io/personas.compute.genesis.xyz.com created

controlplane PersonaCRD on î‚  HEAD (e4304ac) [!?] via ğŸ¹ v1.19 âœ  kubectl api-resources | grep pers
persistentvolumeclaims            pvc          v1                                     true         PersistentVolumeClaim
persistentvolumes                 pv           v1                                     false        PersistentVolume
personas                                       compute.genesis.xyz.com/v2             true         Persona

controlplane PersonaCRD on î‚  HEAD (e4304ac) [!?] via ğŸ¹ v1.19 âœ  cd ~/PersonaCRD_V2

controlplane PersonaCRD_V2 on î‚  main via ğŸ¹ v1.19 âœ  git checkout -b Ctrl
Switched to a new branch 'Ctrl'

controlplane PersonaCRD_V2 on î‚  Ctrl via ğŸ¹ v1.19 âœ  ls
go.mod  go.sum  pkg

controlplane PersonaCRD_V2 on î‚  Ctrl via ğŸ¹ v1.19 âœ  vi main.go

controlplane PersonaCRD_V2 on î‚  Ctrl [?] via ğŸ¹ v1.19 âœ  go mod download

controlplane PersonaCRD_V2 on î‚  Ctrl [?] via ğŸ¹ v1.19 âœ  go mod tidy
go: downloading gopkg.in/check.v1 v0.0.0-20161208181325-20d25e280405
go: downloading github.com/stretchr/testify v1.8.2
go: downloading github.com/google/go-cmp v0.5.9
go: downloading gopkg.in/yaml.v3 v3.0.1
go: finding module for package k8s.io/client-go/tools/cache
go: finding module for package k8s.io/client-go/discovery
go: finding module for package k8s.io/client-go/tools/clientcmd
go: finding module for package k8s.io/client-go/discovery/fake
go: finding module for package k8s.io/client-go/util/flowcontrol
go: finding module for package k8s.io/client-go/rest
go: finding module for package k8s.io/client-go/util/homedir
go: finding module for package k8s.io/client-go/applyconfigurations/meta/v1
go: finding module for package k8s.io/client-go/testing
go: downloading k8s.io/client-go v0.28.4
go: found k8s.io/client-go/tools/clientcmd in k8s.io/client-go v0.28.4
go: found k8s.io/client-go/util/homedir in k8s.io/client-go v0.28.4
go: found k8s.io/client-go/applyconfigurations/meta/v1 in k8s.io/client-go v0.28.4
go: found k8s.io/client-go/discovery in k8s.io/client-go v0.28.4
go: found k8s.io/client-go/rest in k8s.io/client-go v0.28.4
go: found k8s.io/client-go/util/flowcontrol in k8s.io/client-go v0.28.4
go: found k8s.io/client-go/discovery/fake in k8s.io/client-go v0.28.4
go: found k8s.io/client-go/testing in k8s.io/client-go v0.28.4
go: found k8s.io/client-go/tools/cache in k8s.io/client-go v0.28.4
go: downloading golang.org/x/time v0.3.0
go: downloading github.com/imdario/mergo v0.3.6
go: downloading github.com/golang/protobuf v1.5.3
go: downloading github.com/google/gnostic-models v0.6.8
go: downloading k8s.io/kube-openapi v0.0.0-20230717233707-2695361300d9
go: downloading golang.org/x/term v0.13.0
go: downloading k8s.io/api v0.28.4
go: downloading google.golang.org/protobuf v1.31.0
go: downloading github.com/google/uuid v1.3.0
go: downloading golang.org/x/oauth2 v0.8.0
go: downloading golang.org/x/sys v0.13.0
go: downloading github.com/onsi/ginkgo/v2 v2.9.4
go: downloading github.com/go-openapi/jsonreference v0.20.2
go: downloading github.com/go-openapi/swag v0.22.3
go: downloading github.com/onsi/gomega v1.27.6
go: downloading github.com/emicklei/go-restful/v3 v3.9.0
go: downloading github.com/go-openapi/jsonpointer v0.19.6
go: downloading github.com/mailru/easyjson v0.7.7
go: downloading golang.org/x/tools v0.8.0
go: downloading github.com/go-task/slim-sprig v0.0.0-20230315185526-52ccab3ef572
go: downloading github.com/google/pprof v0.0.0-20210720184732-4bb14d4b1be1
go: downloading gopkg.in/check.v1 v1.0.0-20201130134442-10cb98267c6c
go: downloading github.com/kr/pretty v0.3.1
go: downloading github.com/rogpeppe/go-internal v1.10.0

controlplane PersonaCRD_V2 on î‚  Ctrl [!?] via ğŸ¹ v1.19 âœ  go mod download

controlplane PersonaCRD_V2 on î‚  Ctrl [!?] via ğŸ¹ v1.19 âœ  kubectl get persona
No resources found in default namespace.

controlplane PersonaCRD_V2 on î‚  Ctrl [!?] via ğŸ¹ v1.19 âœ  go run main.go
Start Program
Create a Kubernetes client
Create a Kubernetes clientset
[]
Exit Program

controlplane PersonaCRD_V2 on î‚  Ctrl [!?] via ğŸ¹ v1.19 âœ  cat > persona.yaml
apiVersion: compute.genesis.xyz.com/v2
kind: Persona
metadata:
  name: test1
spec:
  name: Michael Hudson
  age: 23

---

apiVersion: compute.genesis.xyz.com/v2
kind: Persona
metadata:
  name: test2
spec:
  name: Wilston Roy
  age: 13

---

apiVersion: compute.genesis.xyz.com/v2
kind: Persona
metadata:
  name: tecst3
spec:
  name: Lionel Messi
  age: 10
^C

controlplane PersonaCRD_V2 on î‚  Ctrl [!?] via ğŸ¹ v1.19 âœ– go run main.go
Start Program
Create a Kubernetes client
Create a Kubernetes clientset
[]
Exit Program

controlplane PersonaCRD_V2 on î‚  Ctrl [!?] via ğŸ¹ v1.19 âœ  kubectl create -f persona.yaml
persona.compute.genesis.xyz.com/test1 created
persona.compute.genesis.xyz.com/test2 created
persona.compute.genesis.xyz.com/tecst3 created

controlplane PersonaCRD_V2 on î‚  Ctrl [!?] via ğŸ¹ v1.19 âœ  go run main.go
Start Program
Create a Kubernetes client
Create a Kubernetes clientset
[{{Persona compute.genesis.xyz.com/v2} {tecst3  default  30632449-02fa-4e71-b00c-66c27fb53906 3982 1 2023-11-24 03:54:22 -0500 EST <nil> <nil> map[] map[] [] [] [{kubectl-create Update compute.genesis.xyz.com/v2 2023-11-24 03:54:22 -0500 EST FieldsV1 {"f:spec":{".":{},"f:age":{},"f:name":{}}} }]} {Lionel Messi 10} { false }} {{Persona compute.genesis.xyz.com/v2} {test1  default  46198966-1fc6-496a-aa9f-c071e4595f06 3980 1 2023-11-24 03:54:22 -0500 EST <nil> <nil> map[] map[] [] [] [{kubectl-create Update compute.genesis.xyz.com/v2 2023-11-24 03:54:22 -0500 EST FieldsV1 {"f:spec":{".":{},"f:age":{},"f:name":{}}} }]} {Michael Hudson 23} { false }} {{Persona compute.genesis.xyz.com/v2} {test2  default  f8757709-252c-4cfe-81e2-8df3987a0b57 3981 1 2023-11-24 03:54:22 -0500 EST <nil> <nil> map[] map[] [] [] [{kubectl-create Update compute.genesis.xyz.com/v2 2023-11-24 03:54:22 -0500 EST FieldsV1 {"f:spec":{".":{},"f:age":{},"f:name":{}}} }]} {Wilston Roy 13} { false }}]
Exit Program

controlplane PersonaCRD_V2 on î‚  Ctrl [!?] via ğŸ¹ v1.19 âœ 
